--------------------------------------------------------------------------------------
Timing Analyzer Summary
--------------------------------------------------------------------------------------

Type           : Worst-case tsu
Slack          : N/A
Required Time  : None
Actual Time    : 8.609 ns
From           : Ctrl[0]
To             : sld_signaltap:auto_signaltap_0|sld_signaltap_impl:sld_signaltap_body|acq_trigger_in_reg[4]
From Clock     : --
To Clock       : CLK_In
Failed Paths   : 0

Type           : Worst-case tco
Slack          : N/A
Required Time  : None
Actual Time    : 13.449 ns
From           : ReverseForwardFlow:Reverse_5hz|current_state.LED3_ON
To             : LED_Out[2]
From Clock     : CLK_In
To Clock       : --
Failed Paths   : 0

Type           : Worst-case tpd
Slack          : N/A
Required Time  : None
Actual Time    : 14.429 ns
From           : Ctrl[0]
To             : LED_Out[2]
From Clock     : --
To Clock       : --
Failed Paths   : 0

Type           : Worst-case th
Slack          : N/A
Required Time  : None
Actual Time    : 3.108 ns
From           : altera_internal_jtag~TDIUTAP
To             : sld_signaltap:auto_signaltap_0|sld_signaltap_impl:sld_signaltap_body|sld_ela_control:ela_control|sld_ela_basic_multi_level_trigger:\basic_multi_level_mbpm_trigger_gen:multi_level_mbpm|lpm_shiftreg:trigger_condition_deserialize|dffs[20]
From Clock     : --
To Clock       : altera_internal_jtag~TCKUTAP
Failed Paths   : 0

Type           : Clock Setup: 'CLK_In'
Slack          : N/A
Required Time  : None
Actual Time    : 124.53 MHz ( period = 8.030 ns )
From           : clk_divider:CLK_Divider_11hz|cnt[4]
To             : clk_divider:CLK_Divider_11hz|cnt[19]
From Clock     : CLK_In
To Clock       : CLK_In
Failed Paths   : 0

Type           : Clock Setup: 'altera_internal_jtag~TCKUTAP'
Slack          : N/A
Required Time  : None
Actual Time    : 133.51 MHz ( period = 7.490 ns )
From           : sld_hub:sld_hub_inst|sld_dffex:\GEN_IRF:1:IRF|Q[4]
To             : sld_hub:sld_hub_inst|hub_tdo_reg
From Clock     : altera_internal_jtag~TCKUTAP
To Clock       : altera_internal_jtag~TCKUTAP
Failed Paths   : 0

Type           : Total number of failed paths
Slack          : 
Required Time  : 
Actual Time    : 
From           : 
To             : 
From Clock     : 
To Clock       : 
Failed Paths   : 0

--------------------------------------------------------------------------------------

